[wearebreakfast.com/index.html]
[cc5d904ea32865928201.b-cdn.net/wp-content/themes/breakfast/assets/dist/images/favicon/apple-touch-icon.png]
[cc5d904ea32865928201.b-cdn.net/wp-content/themes/breakfast/assets/dist/images/favicon/favicon-32x32.png]
[cc5d904ea32865928201.b-cdn.net/wp-content/themes/breakfast/assets/dist/images/favicon/favicon-16x16.png]
[wearebreakfast.com/wp-content/themes/breakfast/assets/dist/images/favicon/site.webmanifest]
[backblue.gif]
[fade.gif]
[index.html]
[wearebreakfast.com/wp-content/themes/breakfast/assets/dist/images/favicon/browserconfig.xml]
[cc5d904ea32865928201.b-cdn.net/wp-includes/css/dist/block-library/style.min5bc1.css]
[cc5d904ea32865928201.b-cdn.net/wp-content/themes/breakfast/assets/dist/css/style.min5bc1.css]
[cc5d904ea32865928201.b-cdn.net/wp-includes/js/jquery/jquery.minf43b.js]
[cc5d904ea32865928201.b-cdn.net/wp-includes/js/jquery/jquery-migrate.min5589.js]
[wearebreakfast.com/wp-json/wp/v2/pages/8.json]
[wearebreakfast.com/wp-json/index.html]
[wearebreakfast.com/xmlrpc0db0.php]
[wearebreakfast.com/wp-json/oembed/1.0/embed2aaa.json]
[wearebreakfast.com/wp-json/oembed/1.0/embedbe7c]
[wearebreakfast.com/wp-content/themes/breakfast/assets/dist/images/icons/svg-sprite.svg]
[cc5d904ea32865928201.b-cdn.net/wp-content/uploads/menu-banana.png]
[cc5d904ea32865928201.b-cdn.net/wp-content/uploads/sky@2x.jpg]
[cc5d904ea32865928201.b-cdn.net/wp-content/uploads/egg-balloon.png]
[cc5d904ea32865928201.b-cdn.net/wp-content/uploads/logo.png]
[cc5d904ea32865928201.b-cdn.net/wp-content/uploads/logo-egg.png]
[wearebreakfast.com/latest-work/index.html]
[cc5d904ea32865928201.b-cdn.net/wp-content/uploads/hills.png]
[cc5d904ea32865928201.b-cdn.net/wp-content/uploads/sign-light-yolky.png]
[cc5d904ea32865928201.b-cdn.net/wp-content/uploads/sign-1.png]
[cc5d904ea32865928201.b-cdn.net/wp-content/uploads/switch.png]
[cc5d904ea32865928201.b-cdn.net/wp-content/uploads/raspberry-1.png]
[wearebreakfast.com/about/index.html]
[cc5d904ea32865928201.b-cdn.net/wp-content/uploads/raspberry-2.png]
[cc5d904ea32865928201.b-cdn.net/wp-content/uploads/raspberry-3.png]
[cc5d904ea32865928201.b-cdn.net/wp-content/uploads/egg-1.png]
[cc5d904ea32865928201.b-cdn.net/wp-content/uploads/dial-gold.png]
[wearebreakfast.com/services/index.html]
[cc5d904ea32865928201.b-cdn.net/wp-content/uploads/tape.png]
[cc5d904ea32865928201.b-cdn.net/wp-content/uploads/reflections.png]
[cc5d904ea32865928201.b-cdn.net/wp-content/themes/breakfast/assets/dist/images/hungry-for-more-sticker.png]
[cc5d904ea32865928201.b-cdn.net/wp-content/uploads/bacon.png]
[cc5d904ea32865928201.b-cdn.net/wp-content/uploads/hands.png]
[wearebreakfast.com/contact/index.html]
[cc5d904ea32865928201.b-cdn.net/wp-content/uploads/rose.png]
[cc5d904ea32865928201.b-cdn.net/wp-content/uploads/hand.png]
[cc5d904ea32865928201.b-cdn.net/wp-content/uploads/chaos-walking-poster-breakfast.jpg]
[cc5d904ea32865928201.b-cdn.net/wp-content/uploads/moonknight-poster-breakfast.jpg]
[cc5d904ea32865928201.b-cdn.net/wp-content/uploads/lupin-netflix-poster-breakfast.jpg]
[cc5d904ea32865928201.b-cdn.net/wp-content/uploads/tenet-poster-breakfast.jpg]
[cc5d904ea32865928201.b-cdn.net/wp-content/uploads/a-black-lady-sketch-show-poster-breakfast.jpg]
[cc5d904ea32865928201.b-cdn.net/wp-content/uploads/falcon-winter-soldier-poster-breakfast.jpg]
[cc5d904ea32865928201.b-cdn.net/wp-content/uploads/diver.png]
[cc5d904ea32865928201.b-cdn.net/wp-content/uploads/hand-mug.png]
[cc5d904ea32865928201.b-cdn.net/wp-content/uploads/mug-front.png]
[cc5d904ea32865928201.b-cdn.net/wp-content/uploads/hollywood.png]
[wearebreakfast.com/wp-content/plugins/instagram-feed-pro/js/sbi-scripts.minaec2.js]
[wearebreakfast.com/wp-admin/admin-ajax.34.delayed]
[wearebreakfast.com/wp-content/plugins/instagram-feed-pro/css/sbi-styles.minaec2.css]
[wearebreakfast.com/index.html]
[cc5d904ea32865928201.b-cdn.net/wp-includes/css/dist/block-library/style.min5bc1.css]
[cc5d904ea32865928201.b-cdn.net/wp-content/themes/breakfast/assets/dist/css/style.min5bc1.css]
[wearebreakfast.com/wp-content/themes/breakfast/assets/dist/images/icons/svg-sprite.svg]
[wearebreakfast.com/wp-json/wp/v2/pages/21.json]
[cc5d904ea32865928201.b-cdn.net/wp-content/themes/breakfast/assets/dist/js/main.bundle5152.js]
[wearebreakfast.com/wp-json/oembed/1.0/embed5eb4.json]
[wearebreakfast.com/wp-json/oembed/1.0/embedd38e]
[cc5d904ea32865928201.b-cdn.net/wp-content/themes/breakfast/assets/dist/images/play-it-loud-sticker.png]
[cc5d904ea32865928201.b-cdn.net/wp-content/uploads/award-sticker@4x.png]
[cc5d904ea32865928201.b-cdn.net/wp-content/uploads/ATLWCS_Logo0.png]
[cc5d904ea32865928201.b-cdn.net/wp-content/uploads/The-Color-Purple_Logo0.png]
[cc5d904ea32865928201.b-cdn.net/wp-content/uploads/background.jpg]
[cc5d904ea32865928201.b-cdn.net/wp-content/uploads/vinyl.png]
[cc5d904ea32865928201.b-cdn.net/wp-content/uploads/arm.png]
[wearebreakfast.com/wp-content/uploads/scratch.mp3]
[cc5d904ea32865928201.b-cdn.net/wp-content/uploads/3-Body-Problems_Logo0.png]
[cc5d904ea32865928201.b-cdn.net/wp-content/uploads/Ghosted_Logo0.png]
[cc5d904ea32865928201.b-cdn.net/wp-content/uploads/The-Witcher_Logo0.png]
[cc5d904ea32865928201.b-cdn.net/wp-content/uploads/The-Watcher_Logo0.png]
[cc5d904ea32865928201.b-cdn.net/wp-content/uploads/egg.png]
[cc5d904ea32865928201.b-cdn.net/wp-content/uploads/mountains.png]
[cc5d904ea32865928201.b-cdn.net/wp-content/uploads/highway.jpg]
[wearebreakfast.com/latest-work/index.html]
[wearebreakfast.com/wp-json/wp/v2/pages/23.json]
[wearebreakfast.com/wp-json/oembed/1.0/embed0d87.json]
[wearebreakfast.com/wp-json/oembed/1.0/embedf1fe]
[cc5d904ea32865928201.b-cdn.net/wp-content/uploads/contact-bkg-breakfast-scaled.jpg]
[cc5d904ea32865928201.b-cdn.net/wp-content/uploads/spoon.png]
[wearebreakfast.com/about/index.html]
[wearebreakfast.com/wp-json/wp/v2/pages/25.json]
[wearebreakfast.com/wp-json/oembed/1.0/embed9049.json]
[wearebreakfast.com/wp-json/oembed/1.0/embeda74b]
[cc5d904ea32865928201.b-cdn.net/wp-content/uploads/custom.png]
[cc5d904ea32865928201.b-cdn.net/wp-content/uploads/remixes.png]
[cc5d904ea32865928201.b-cdn.net/wp-content/uploads/Sound-Design.png]
[cc5d904ea32865928201.b-cdn.net/wp-content/uploads/sync-licensing.png]
[cc5d904ea32865928201.b-cdn.net/wp-content/uploads/publishing-services.png]
[cc5d904ea32865928201.b-cdn.net/wp-content/uploads/tablecloth.jpg]
[cc5d904ea32865928201.b-cdn.net/wp-content/uploads/egg-cup-alt-2.png]
[cc5d904ea32865928201.b-cdn.net/wp-content/uploads/egg-shell-alt.png]
[cc5d904ea32865928201.b-cdn.net/wp-content/uploads/fruit-loops.png]
[cc5d904ea32865928201.b-cdn.net/wp-content/uploads/green-loop.png]
[cc5d904ea32865928201.b-cdn.net/wp-content/uploads/yellow-loop.png]
[cc5d904ea32865928201.b-cdn.net/wp-content/uploads/pink-loop.png]
[cc5d904ea32865928201.b-cdn.net/wp-content/uploads/purple-loop.png]
[cc5d904ea32865928201.b-cdn.net/wp-content/uploads/blue-loop.png]
[wearebreakfast.com/services/index.html]
[wearebreakfast.com/wp-json/wp/v2/pages/11.json]
[wearebreakfast.com/wp-json/oembed/1.0/embeda3c5.json]
[wearebreakfast.com/wp-json/oembed/1.0/embed4f9f]
[cc5d904ea32865928201.b-cdn.net/wp-content/uploads/fruit-collage-cherries-1.png]
[cc5d904ea32865928201.b-cdn.net/wp-content/uploads/fruit-collage-cherries-2.png]
[cc5d904ea32865928201.b-cdn.net/wp-content/uploads/fruit-collage-banana.png]
[cc5d904ea32865928201.b-cdn.net/wp-content/uploads/fruit-collage-counter.png]
[cc5d904ea32865928201.b-cdn.net/wp-content/uploads/fruit-collage-segment-1.png]
[cc5d904ea32865928201.b-cdn.net/wp-content/uploads/fruit-collage-segment-2.png]
[cc5d904ea32865928201.b-cdn.net/wp-content/uploads/fruit-collage-segment-3.png]
[cc5d904ea32865928201.b-cdn.net/wp-content/uploads/fruit-collage-segment-4.png]
[cc5d904ea32865928201.b-cdn.net/wp-content/uploads/fruit-collage-segment-5.png]
[cc5d904ea32865928201.b-cdn.net/wp-content/uploads/fruit-collage-segment-6.png]
[wearebreakfast.com/contact/index.html]
[wearebreakfast.com/wp-admin/admin-ajax.html]
[wearebreakfast.com/wp-content/plugins/instagram-feed-pro/img/sbi-sprite.png]
[wearebreakfast.com/wp-content/plugins/instagram-feed-pro/img/small-logo.png]
[wearebreakfast.com/wp-content/plugins/instagram-feed-pro/css/sbi-styles.minaec2.css]
[wearebreakfast.com/index3965.html]
[wearebreakfast.com/index40a0.html]
[wearebreakfast.com/index970c.html]
[wearebreakfast.com/index5757.html]
